# 以下内容由ai生成


结合 apk_AI_NeuroVerse-dev 源代码目录结构与 Android 构建打包规范，可从 资源目录配置错误、模块依赖冲突、构建脚本潜在问题、签名与编译环境异常 四个核心维度，定位 APK 安装时 “已损坏” 的根本原因，具体分析如下：
一、最直接原因：res 目录嵌套错误（资源索引解析失败）
Android 对 res（资源目录）的结构有 强制层级规范：仅允许 src/main/res 作为根资源目录，且子目录需为标准类型（如 drawable、values、mipmap），不允许在 res 内部嵌套二级 res 目录。

从目录结构看，app 和 updateManager 模块存在致命的资源目录嵌套问题：

app 模块资源嵌套
路径：app/src/main/res/res/
标准资源目录应为 app/src/main/res/，但该目录下额外嵌套了 res 子目录，并在其中重复存放 mipmap-anydpi-v26、mipmap-hdpi 等图标资源（如 app/src/main/res/res/mipmap-hdpi/ic_launcher.png）。
编译时，Android Gradle 插件（AGP）会优先解析 src/main/res 下的直接子目录，嵌套的 res/res 会被判定为 “非法资源目录”，导致其中的图标资源无法被索引到；同时，重复的 ic_launcher.png 会引发 “资源名冲突”，AGP 编译时可能跳过冲突资源，导致 APK 中缺失关键图标资源。
updateManager 模块资源嵌套
路径：updateManager/src/main/res/res/
与 app 模块完全一致，存在 res 目录嵌套问题，重复存放 mipmap 图标资源，进一步加剧资源解析冲突。

影响：APK 打包时，resources.arsc（资源索引文件）会因 “资源路径异常 + 资源名冲突” 无法生成正确的索引映射，安装时系统解析 resources.arsc 发现 “索引路径与实际资源路径不匹配”，直接判定 APK 损坏。
二、模块依赖与功能冲突（间接导致构建异常）
项目包含 ai-core、ai-module、plugins、updateManager、userData 5 个自定义模块，模块间依赖关系未明确，但从功能和文件看存在潜在冲突：

资源重复与覆盖冲突
app 和 updateManager 模块的 res/drawable 目录下，均存在 attachment.xml、copy.xml、send_chat.xml 等同名图标资源（如 app/src/main/res/drawable/send_chat.xml 与 updateManager/src/main/res/drawable/send_chat.xml）。
若 app 模块依赖 updateManager 模块，AGP 会按 “模块优先级” 覆盖同名资源，若优先级配置错误（如 updateManager 覆盖 app），可能导致 app 模块预期的图标资源被替换，出现 “资源引用无效”。
AI 核心功能与插件依赖不明确
ai-core 模块含 Native 代码（cpp/ai_core.cpp、cpu_helper.cpp），提供底层 AI 计算能力；ai-module 模块含 Neuron.kt（神经元模型）、ModelManager.kt（模型管理），是 AI 功能的上层封装；plugins 模块含 ai-chat-plugin.zip 插件支持。
若 app 模块未正确依赖 ai-core 或 ai-module（如 build.gradle.kts 中缺失 implementation project(":ai-core")），会导致 AI 相关类（如 NativeLib.kt、ModelManager.kt）在编译时无法找到，AGP 可能生成 “不完整的 dex 文件”（如 classes.dex 缺失关键类），安装时系统加载 dex 失败。
数据库与数据存储冲突
ai-module 模块含 DAO.kt、DatabaseProvider.kt（Room 数据库），userData 模块含 UserDataHelper.kt、NeuronTree.kt（用户数据与神经元树存储），两者均涉及本地数据持久化。
若未统一数据库版本（如 @Database(version = 1) 与 version = 2 冲突）或数据库名称重复（如均使用 neuroverse.db），会导致 APK 安装时数据库初始化失败，间接触发 “应用损坏” 提示（部分系统会将数据库异常判定为 APK 完整性问题）。
三、构建脚本与编译环境问题（根源性诱因）
项目使用 Gradle Kotlin DSL（build.gradle.kts）构建，但从目录结构和文件看，存在以下可能导致构建失败的配置问题：

AGP 版本与模块兼容性问题
所有模块均使用 build.gradle.kts，但未明确统一 AGP 版本（如 app/build.gradle.kts 与 ai-core/build.gradle.kts 的 com.android.application/com.android.library 版本不一致）。
AGP 版本不统一会导致编译逻辑冲突（如低版本 AGP 不支持 Compose 新特性、高版本 AGP 不兼容旧版 Native 编译配置），可能生成 “结构损坏的 APK”（如缺失 classes.dex 或 lib/arm64-v8a 原生库）。
Native 代码编译配置异常（ai-core 模块）
ai-core 模块含 cpp/CMakeLists.txt 和 C++ 代码（ai_core.cpp），用于编译原生库（libai_core.so），但目录结构中未发现 src/main/jniLibs 目录（存放预编译的 Native 库），且 CMakeLists.txt 配置未明确（如未指定编译目标架构、依赖库路径）。
若 CMake 编译失败（如缺少 NDK 环境、代码语法错误），会导致 lib/arm64-v8a 目录下仅生成 libandroidx.graphics.path.so 等系统库，缺失关键的 libai_core.so 原生库；APK 安装时，ai-core 模块的 NativeLib.kt（调用 Native 方法）因找不到 libai_core.so，触发 “原生库加载失败”，系统判定 APK 损坏。
混淆与 Dex 优化配置问题
所有模块均含 proguard-rules.pro（混淆规则文件），但 app 模块作为主模块，未明确是否启用混淆（build.gradle.kts 中 minifyEnabled 配置未知）。
若 Debug 版本误启用混淆（minifyEnabled true），且混淆规则不完整（如未保留 NVApplication.kt、MainActivity.kt 等入口类），会导致 classes.dex 中的关键类被混淆为无意义的类名（如 a.class、b.class），安装时系统无法找到 Application 或 Activity 入口，提示 “APK 损坏”。
四、签名与打包流程异常（验证阶段失败）
Debug 签名配置问题
项目根目录含 debug.keystore（Debug 签名证书），但未明确 app/build.gradle.kts 中是否正确配置签名（如 signingConfigs 未引用 debug.keystore）。
若签名配置错误，AGP 可能使用 “临时默认签名” 打包，导致 APK 中的 META-INF/CERT.RSA/CERT.SF 签名信息不完整；安装时系统校验签名发现 “签名与 APK 内容不匹配”，判定为损坏。
多模块打包资源合并失败
项目含 5 个自定义模块，app 模块作为主模块需合并所有依赖模块的资源（如 ai-module 的 res、plugins 的 assets）。
若资源合并时出现 “XML 语法错误”（如 ai-module 的 res/xml/ 配置文件标签未闭合），AGP 会强制终止合并流程，生成 “缺少 resources.arsc 的 APK”；安装时系统因无法解析资源索引，直接提示损坏。
五、修复建议（按优先级排序）
立即修正 res 目录嵌套问题
删除 app/src/main/res/res/ 和 updateManager/src/main/res/res/ 嵌套目录，将其中的 mipmap 资源移动到 app/src/main/res/mipmap-xxx/ 和 updateManager/src/main/res/mipmap-xxx/ 对应目录，确保资源路径符合 src/main/res/[资源类型]/ 规范。
统一模块依赖与资源命名
在 app/build.gradle.kts 中明确模块依赖（如 implementation project(":ai-core")、implementation project(":ai-module")），避免依赖缺失；
重命名冲突资源（如将 updateManager 模块的 send_chat.xml 改为 update_send_chat.xml），避免资源覆盖。
修复 ai-core 模块 Native 编译配置
检查 CMakeLists.txt，确保指定 NDK 版本、编译目标架构（如 armeabi-v7a、arm64-v8a），并添加 ai_core.cpp 的编译逻辑；
安装匹配的 NDK 版本（在 local.properties 中配置 ndk.dir），确保 Native 代码编译生成 libai_core.so，并输出到 app/build/intermediates/jniLibs 目录。
验证签名与混淆配置
在 app/build.gradle.kts 中明确 Debug 签名配置：
kotlin
signingConfigs {
    debug {
        storeFile file("debug.keystore")
        storePassword "android"
        keyAlias "androiddebugkey"
        keyPassword "android"
    }
}
buildTypes {
    debug {
        signingConfig signingConfigs.debug
        minifyEnabled false // 禁用 Debug 版本混淆
    }
}


清理并重新构建
执行 ./gradlew clean 清理旧编译产物，避免残留文件干扰；
执行 ./gradlew assembleDebug 重新构建 Debug 版本，查看构建日志（Gradle Console），确认是否存在 “资源冲突”“Native 编译失败”“依赖缺失” 等错误，针对性修复。
总结
最根本原因是 res 目录嵌套错误，直接导致资源索引生成异常；其次是模块依赖不明确、Native 编译失败、签名配置错误等问题，共同导致 APK 结构不完整或校验不通过。按上述修复建议修正后，重新构建的 APK 可解决 “已损坏无法安装” 问题。
